<html>
<body>
<pre>
<h1>µVision Build Log</h1>
<h2>Project:</h2>
C:\Keil\TExaSware\C7_SOS\C7_SOS.uvproj
Project File Date:  01/12/2014

<h2>Output:</h2>
Build target 'C7_SOS'
assembling startup.s...
compiling main.c...
linking...
Program Size: Code=1640 RO-data=32 RW-data=8 ZI-data=1120  
".\C7_SOS.axf" - 0 Error(s), 0 Warning(s).
Load "C:\\Keil\\TExaSware\\C7_SOS\\C7_SOS.axf" 
Connecting: Mode=JTAG, Speed=1000000Hz
Erase Done.
Programming Done.
Verify OK.
</pre>
</body>
</html>
