<html>
<body>
<pre>
<h1>µVision Build Log</h1>
<h2>Project:</h2>
C:\Keil\Labware\Lab9_FunctionalDebugging\Lab9.uvproj
Project File Date:  02/11/2014

<h2>Output:</h2>
Build target 'Lab9'
linking...
Program Size: Code=2944 RO-data=2712 RW-data=56 ZI-data=1640  
".\Lab9.axf" - 0 Error(s), 0 Warning(s).
Load "C:\\Keil\\Labware\\Lab9_FunctionalDebugging\\Lab9.axf" 
Connecting: Mode=JTAG, Speed=1000000Hz
Erase Done.
Programming Done.
Verify OK.
Load "C:\\Keil\\Labware\\Lab9_FunctionalDebugging\\Lab9.axf" 
Connecting: Mode=JTAG, Speed=1000000Hz
Erase Done.
Programming Done.
Verify OK.
</pre>
</body>
</html>
