<html>
<body>
<pre>
<h1>µVision Build Log</h1>
<h2>Project:</h2>
C:\Keil\TExaSware\Lab6_BranchingFunctionsDelays\Lab6.uvproj
Project File Date:  02/02/2014

<h2>Output:</h2>
Build target 'Lab6'
linking...
Program Size: Code=3744 RO-data=5996 RW-data=64 ZI-data=1752  
".\Lab6.axf" - 0 Error(s), 0 Warning(s).
Load "C:\\Keil\\TExaSware\\Lab6_BranchingFunctionsDelays\\Lab6.axf" 
Connecting: Mode=JTAG, Speed=1000000Hz
Erase Done.
Programming Done.
Verify OK.
</pre>
</body>
</html>
