<html>
<body>
<pre>
<h1>µVision Build Log</h1>
<h2>Project:</h2>
C:\Keil\Labware\Lab11_UART\Lab11.uvproj
Project File Date:  02/11/2014

<h2>Output:</h2>
Build target 'Lab11'
linking...
Program Size: Code=2844 RO-data=696 RW-data=44 ZI-data=1764  
".\Lab11.axf" - 0 Error(s), 0 Warning(s).
Load "C:\\Keil\\Labware\\Lab11_UART\\Lab11.axf" 
Connecting: Mode=JTAG, Speed=1000000Hz
Erase Done.
Programming Done.
Verify OK.
Load "C:\\Keil\\Labware\\Lab11_UART\\Lab11.axf" 
Connecting: Mode=JTAG, Speed=1000000Hz
Erase Done.
Programming Done.
Verify OK.
</pre>
</body>
</html>
