<html>
<body>
<pre>
<h1>µVision Build Log</h1>
<h2>Project:</h2>
C:\Keil\TExaSware\C2_Toggle_PF1\C2_Toggle_PF1.uvproj
Project File Date:  02/02/2014

<h2>Output:</h2>
Build target 'C2_Toggle_PF1'
compiling main.c...
linking...
Program Size: Code=1164 RO-data=32 RW-data=4 ZI-data=1124  
".\C2_Toggle_PF1.axf" - 0 Error(s), 0 Warning(s).
Load "C:\\Keil\\TExaSware\\C2_Toggle_PF1\\C2_Toggle_PF1.axf" 
Connecting: Mode=JTAG, Speed=1000000Hz
Erase Done.
Programming Done.
Verify OK.
</pre>
</body>
</html>
